[
  {
    "timestamp": "<timestamp>",
    "action": "created_comment",
    "created_at": "<created_at>",
    "id": "<id>",
    "fact": {
      "id": "<id>",
      "site_url": "http://example.org/3.html",
      "displaystring": "Fact 3",
      "created_at": "<created_at>",
      "site_title": "Fact title 3",
      "url": "/f/1",
      "proxy_open_url": "http://localhost:8080/?url=http%3A%2F%2Fexample.org%2F3.html#factlink-open-1"
    },
    "comment": {
      "id": "<id>",
      "created_by": {
        "id": "<id>",
        "name": "John5 Doe5",
        "username": "johndoe5",
        "gravatar_hash": "34175a5e546d03f7bc3c2d42ddb4b9cc",
        "deleted": false
      },
      "created_at": "<created_at>",
      "formatted_content": "content",
      "sub_comments_count": 0,
      "is_deletable": true,
      "tally": {
        "believes": 1,
        "disbelieves": 0,
        "current_user_opinion": "no_vote"
      }
    },
    "user": {
      "id": "<id>",
      "name": "John5 Doe5",
      "username": "johndoe5",
      "gravatar_hash": "34175a5e546d03f7bc3c2d42ddb4b9cc",
      "deleted": false
    }
  }
]
