[
  {
    "table": {
      "dead_object_name": "user",
      "id": "<id>",
      "graph_user_id": "10"
    }
  }
]
