[
  {
    "id": "<id>",
    "title": "Channel title 1",
    "slug_title": "channel-title-1",
    "created_by": {
      "id": "<id>",
      "name": "John1 Doe1",
      "username": "johndoe1",
      "gravatar_hash": "bdcf52014be3eaaf4c83248bc7229900",
      "statistics_created_fact_count": 3,
      "statistics_follower_count": 0,
      "statistics_following_count": 0,
      "user_topics": [
        {
          "title": "Channel title 1",
          "slug_title": "channel-title-1"
        }
      ]
    }
  }
]