{
  "argument_votes": {
    "believes": 1,
    "disbelieves": 0,
    "doubts": 0,
    "current_user_opinion": "believes"
  },
  "url": "/fact-2/f/2",
  "is_deletable": true,
  "id": "<STRIPPED>",
  "type": "believes",
  "from_fact": {
    "displaystring": "Fact 2",
    "id": "<STRIPPED>",
    "containing_channel_ids": [

    ],
    "url": "/fact-2/f/2",
    "sharing_url": "http://localhost:8080/?url=http%3A%2F%2Fexample.org%2F2.html&open_id=2",
    "created_by": {
      "id": "<STRIPPED>",
      "name": "John1 Doe1",
      "username": "johndoe1",
      "gravatar_hash": "bdcf52014be3eaaf4c83248bc7229900",
      "statistics_created_fact_count": 2,
      "statistics_follower_count": 0,
      "statistics_following_count": 0,
      "user_topics": [

      ]
    },
    "created_by_ago": "Posted 1 minute ago",
    "fact_title": "Fact title 2",
    "fact_votes": {
      "believes": 1,
      "disbelieves": 0,
      "doubts": 0,
      "current_user_opinion": "believes"
    },
    "fact_url": "http://example.org/2.html",
    "proxy_scroll_url": "http://localhost:8080/?url=http%3A%2F%2Fexample.org%2F2.html&scrollto=2",
    "timestamp": 0,
    "is_deletable": false
  },
  "time_ago": "1 minute",
  "created_by": {
    "id": "<STRIPPED>",
    "name": "John1 Doe1",
    "username": "johndoe1",
    "gravatar_hash": "bdcf52014be3eaaf4c83248bc7229900",
    "statistics_created_fact_count": 2,
    "statistics_follower_count": 0,
    "statistics_following_count": 0,
    "user_topics": [

    ]
  },
  "sub_comments_count": 0
}