[
  {
    "url": "/fact-2/f/2",
    "signed_in?": false,
    "can_destroy?": false,
    "weight": 0,
    "id": "<STRIPPED>",
    "fact_relation_type": "supporting",
    "fact_base": {
      "link": "<a href=\"http://localhost:8080/?url=http%3A%2F%2Fexample.org%2F2.html&amp;scrollto=2\" target=\"_blank\">Fact 2</a>",
      "fact_id": "2",
      "url": "/fact-2/f/2",
      "id": "<STRIPPED>",
      "user_signed_in?": false,
      "i_am_fact_owner": false,
      "can_edit?": false,
      "scroll_to_link": null,
      "displaystring": "Fact 2",
      "fact_title": null,
      "fact_wheel": {
        "authority": "0.0",
        "opinion_types": {
          "believe": {
            "percentage": 0,
            "is_user_opinion": false
          },
          "doubt": {
            "percentage": 100,
            "is_user_opinion": false
          },
          "disbelieve": {
            "percentage": 0,
            "is_user_opinion": false
          }
        },
        "fact_id": "2"
      },
      "believe_percentage": 0,
      "disbelieve_percentage": 0,
      "doubt_percentage": 100,
      "fact_url": "http://example.org/2.html",
      "proxy_scroll_url": "http://localhost:8080/?url=http%3A%2F%2Fexample.org%2F2.html&scrollto=2"
    },
    "current_user_opinion": null,
    "opinions": {
      "formatted_belief_authority": "0.0",
      "formatted_disbelief_authority": "0.0",
      "formatted_relevance": "0.0"
    },
    "created_by": {
      "id": "<STRIPPED>",
      "name": "johndoe3",
      "username": "johndoe3",
      "gravatar_hash": "0c0b78bf3bb3107091bdb93c94ba73a3",
      "authority": "1.0"
    }
  }
]