[
  {
    "total": 1,
    "impact": 1,
    "type": "believes",
    "users": [
      {
        "id": "<id>",
        "name": "John1 Doe1",
        "username": "johndoe1",
        "gravatar_hash": "bdcf52014be3eaaf4c83248bc7229900",
        "statistics_created_fact_count": 0,
        "statistics_follower_count": 0,
        "statistics_following_count": 0,
        "user_topics": [

        ]
      }
    ]
  },
  {
    "total": 5,
    "impact": 5,
    "type": "disbelieves",
    "users": [
      {
        "id": "<id>",
        "name": "John2 Doe2",
        "username": "johndoe2",
        "gravatar_hash": "9ebe4ca61cfc3e9d3fc15b3e56710734",
        "statistics_created_fact_count": 0,
        "statistics_follower_count": 0,
        "statistics_following_count": 0,
        "user_topics": [

        ]
      },
      {
        "id": "<id>",
        "name": "John3 Doe3",
        "username": "johndoe3",
        "gravatar_hash": "0c0b78bf3bb3107091bdb93c94ba73a3",
        "statistics_created_fact_count": 0,
        "statistics_follower_count": 0,
        "statistics_following_count": 0,
        "user_topics": [

        ]
      },
      {
        "id": "<id>",
        "name": "John4 Doe4",
        "username": "johndoe4",
        "gravatar_hash": "4a44954117cfc0852a0cbd709a634789",
        "statistics_created_fact_count": 0,
        "statistics_follower_count": 0,
        "statistics_following_count": 0,
        "user_topics": [

        ]
      },
      {
        "id": "<id>",
        "name": "John5 Doe5",
        "username": "johndoe5",
        "gravatar_hash": "34175a5e546d03f7bc3c2d42ddb4b9cc",
        "statistics_created_fact_count": 0,
        "statistics_follower_count": 0,
        "statistics_following_count": 0,
        "user_topics": [

        ]
      },
      {
        "id": "<id>",
        "name": "John6 Doe6",
        "username": "johndoe6",
        "gravatar_hash": "9e1148767a56cb9971bb65c4a36b72e9",
        "statistics_created_fact_count": 0,
        "statistics_follower_count": 0,
        "statistics_following_count": 0,
        "user_topics": [

        ]
      }
    ]
  },
  {
    "total": 0,
    "impact": 0,
    "type": "doubts",
    "users": [

    ]
  }
]