[
  {
    "total": 1,
    "impact": 1,
    "type": "believes",
    "users": [
      {
        "id": "<id>",
        "name": "John1 Doe1",
        "username": "johndoe1",
        "gravatar_hash": "bdcf52014be3eaaf4c83248bc7229900",
        "statistics_created_fact_count": 0,
        "statistics_follower_count": 0,
        "statistics_following_count": 0,
        "user_topics": [

        ]
      }
    ]
  },
  {
    "total": 2,
    "impact": 2,
    "type": "disbelieves",
    "users": [
      {
        "id": "<id>",
        "name": "John2 Doe2",
        "username": "johndoe2",
        "gravatar_hash": "9ebe4ca61cfc3e9d3fc15b3e56710734",
        "statistics_created_fact_count": 0,
        "statistics_follower_count": 0,
        "statistics_following_count": 0,
        "user_topics": [

        ]
      },
      {
        "id": "<id>",
        "name": "John3 Doe3",
        "username": "johndoe3",
        "gravatar_hash": "0c0b78bf3bb3107091bdb93c94ba73a3",
        "statistics_created_fact_count": 0,
        "statistics_follower_count": 0,
        "statistics_following_count": 0,
        "user_topics": [

        ]
      }
    ]
  },
  {
    "total": 0,
    "impact": 0,
    "type": "doubts",
    "users": [

    ]
  }
]