[
  {
    "dead_object_name": "user",
    "id": "a1",
    "statistics": {
      "created_fact_count": 14,
      "follower_count": 2,
      "following_count": 3
    }
  }
]