[
  {
    "the_class": "Topic",
    "the_object": {
      "title": "Baron",
      "slug_title": "baron",
      "current_user_authority": "1.0",
      "facts_count": 0,
      "favouritours_count": 0
    }
  },
  {
    "the_class": "FactlinkUser",
    "the_object": {
      "id": "<STRIPPED>",
      "name": "John1 Doe1",
      "username": "Baron",
      "gravatar_hash": "<STRIPPED>",
      "statistics_created_fact_count": 1,
      "statistics_follower_count": 0,
      "statistics_following_count": 0,
      "user_topics": [

      ]
    }
  },
  {
    "the_class": "FactData",
    "the_object": {
      "displaystring": "Baron",
      "id": "<STRIPPED>",
      "containing_channel_ids": [

      ],
      "url": "/baron/f/1",
      "created_by": {
        "id": "<STRIPPED>",
        "name": "John1 Doe1",
        "username": "Baron",
        "gravatar_hash": "<STRIPPED>",
        "statistics_created_fact_count": 1,
        "statistics_follower_count": 0,
        "statistics_following_count": 0,
        "user_topics": [

        ],
        "authority_for_subject": {
          "authority": "1.0",
          "id": "<STRIPPED>"
        }
      },
      "created_by_ago": "Posted 1 minute ago",
      "fact_title": "Fact title 1",
      "fact_wheel": {
        "authority": "0.0",
        "opinion_types": {
          "believe": {
            "percentage": 0,
            "is_user_opinion": false
          },
          "doubt": {
            "percentage": 100,
            "is_user_opinion": false
          },
          "disbelieve": {
            "percentage": 0,
            "is_user_opinion": false
          }
        }
      },
      "fact_url": "http://example.org/1.html",
      "proxy_scroll_url": "http://localhost:8080/?url=http%3A%2F%2Fexample.org%2F1.html&scrollto=1",
      "timestamp": 0,
      "evidence_count": 0
    }
  }
]