[
  {
    "id": "<id>",
    "displaystring": "displaystring",
    "title": "title"
  }
]