[
  {
    "timestamp": "<timestamp>",
    "subject_class": "Fact",
    "user": {
      "id": "<id>",
      "name": "John2 Doe2",
      "username": "johndoe2",
      "gravatar_hash": "9ebe4ca61cfc3e9d3fc15b3e56710734",
      "statistics_created_fact_count": 0,
      "statistics_follower_count": 0,
      "statistics_following_count": 0,
      "user_topics": [

      ]
    },
    "action": "added_supporting_evidence",
    "translated_action": "<span class=\"translation_missing\" title=\"translation missing: en.fact_added_supporting_evidence_action\">Fact Added Supporting Evidence Action</span>",
    "subject": "Fact 2",
    "time_ago": "1 minute",
    "id": "<id>",
    "activity": {
      "action": "added",
      "evidence": "Fact 2",
      "evidence_url": "/fact-2/f/2",
      "fact_url": "/fact-1/f/1",
      "target_url": "/fact-1/f/1",
      "fact_displaystring": "Fact 1",
      "fact": "Fact 1"
    },
    "unread": true
  }
]