{
  "user": {
    "features": [
      "some_global_feature"
    ]
  }
}
