{
  "user": {
    "id": "<id>",
    "name": "John1 Doe1",
    "username": "johndoe1",
    "gravatar_hash": "bdcf52014be3eaaf4c83248bc7229900",
    "deleted": false,
    "statistics_follower_count": 0,
    "statistics_following_count": 0,
    "location": null,
    "biography": null,
    "is_current_user": true,
    "receives_mailed_notifications": true,
    "receives_digest": true,
    "confirmed": false,
    "created_at": "<created_at>",
    "full_name": "John1 Doe1",
    "email": "johndoe1@example.com",
    "services": {
    },
    "features": [
      "some_feature"
    ],
    "groups": [
      {
        "id": "<id>",
        "groupname": "abc"
      }
    ],
    "admin": false
  }
}
