[
  {
    "id": "<id>",
    "name": "John1 Doe1",
    "username": "johndoe1",
    "avatar_url": "https://secure.gravatar.com/avatar/bdcf52014be3eaaf4c83248bc7229900?size=<SIZE>&rating=PG&default=mm",
    "deleted": false
  },
  {
    "id": "<id>",
    "name": "John2 Doe2",
    "username": "johndoe2",
    "avatar_url": "https://secure.gravatar.com/avatar/9ebe4ca61cfc3e9d3fc15b3e56710734?size=<SIZE>&rating=PG&default=mm",
    "deleted": false
  }
]
