{
  "id": "<id>",
  "name": "Deleted User",
  "username": "anonymous_b01dfacede",
  "gravatar_hash": "4be9a32b574a32932b4ca19c501bd4a7",
  "deleted": true,
  "statistics_follower_count": 0,
  "statistics_following_count": 0,
  "graph_id": "1",
  "location": null,
  "biography": null,
  "is_current_user": false
}
