[
  {
    "username": "johndoe2",
    "subject_class": "SubComment",
    "action": "created_sub_comment"
  }
]
