[
  {
    "id": "<id>",
    "name": "Mark IJbema",
    "username": "mark",
    "gravatar_hash": "a6af",
    "deleted": false
  }
]
