{
  "id": "<id>",
  "name": "John1 Doe1",
  "username": "johndoe1",
  "avatar_url": "https://secure.gravatar.com/avatar/bdcf52014be3eaaf4c83248bc7229900?size=<SIZE>&rating=PG&default=mm",
  "avatar_type": "Gravatar",
  "deleted": false,
  "statistics_follower_count": 0,
  "statistics_following_count": 0,
  "location": null,
  "biography": null
}
