{
  "id": "<id>",
  "created_by": {
    "id": "<id>",
    "name": "John1 Doe1",
    "username": "johndoe1",
    "gravatar_hash": "bdcf52014be3eaaf4c83248bc7229900",
    "deleted": false
  },
  "created_at": "<created_at>",
  "content": "Gerard is een gekke meneer",
  "formatted_content": "Gerard is een gekke meneer",
  "sub_comments_count": 0,
  "is_deletable": true,
  "tally": {
    "believes": 1,
    "disbelieves": 0,
    "current_user_opinion": "believes"
  }
}
