[
  {
    "username": "johndoe1",
    "subject_class": "SubComment",
    "object_class": "Fact",
    "action": "created_sub_comment"
  },
  {
    "username": "johndoe1",
    "subject_class": "Comment",
    "object_class": "Fact",
    "action": "created_comment"
  },
  {
    "username": "johndoe1",
    "subject_class": "GraphUser",
    "object_class": null,
    "action": "followed_user"
  }
]
