[
  {
    "id": "<id>",
    "formatted_content": "hey",
    "created_at": "<created_at>",
    "created_by": {
      "id": "<id>",
      "name": "John1 Doe1",
      "username": "johndoe1",
      "gravatar_hash": "bdcf52014be3eaaf4c83248bc7229900"
    }
  },
  {
    "id": "<id>",
    "formatted_content": "meh",
    "created_at": "<created_at>",
    "created_by": {
      "id": "<id>",
      "name": "John2 Doe2",
      "username": "johndoe2",
      "gravatar_hash": "9ebe4ca61cfc3e9d3fc15b3e56710734"
    }
  }
]